                                      1 ;--------------------------------------------------------
                                      2 ; File Created by SDCC : free open source ISO C Compiler
                                      3 ; Version 4.5.1 #15267 (Mac OS X x86_64)
                                      4 ;--------------------------------------------------------
                                      5 	.module main
                                      6 	
                                      7 ;--------------------------------------------------------
                                      8 ; Public variables in this module
                                      9 ;--------------------------------------------------------
                                     10 	.globl _main
                                     11 	.globl _set_sprite_data
                                     12 ;--------------------------------------------------------
                                     13 ; special function registers
                                     14 ;--------------------------------------------------------
                                     15 ;--------------------------------------------------------
                                     16 ; ram data
                                     17 ;--------------------------------------------------------
                                     18 	.area _DATA
                                     19 ;--------------------------------------------------------
                                     20 ; ram data
                                     21 ;--------------------------------------------------------
                                     22 	.area _INITIALIZED
                                     23 ;--------------------------------------------------------
                                     24 ; absolute external ram data
                                     25 ;--------------------------------------------------------
                                     26 	.area _DABS (ABS)
                                     27 ;--------------------------------------------------------
                                     28 ; global & static initialisations
                                     29 ;--------------------------------------------------------
                                     30 	.area _HOME
                                     31 	.area _GSINIT
                                     32 	.area _GSFINAL
                                     33 	.area _GSINIT
                                     34 ;--------------------------------------------------------
                                     35 ; Home
                                     36 ;--------------------------------------------------------
                                     37 	.area _HOME
                                     38 	.area _HOME
                                     39 ;--------------------------------------------------------
                                     40 ; code
                                     41 ;--------------------------------------------------------
                                     42 	.area _CODE
                                     43 ;main.c:4: void main(void){
                                     44 ;	---------------------------------
                                     45 ; Function main
                                     46 ; ---------------------------------
    00000000                         47 _main::
                                     48 ;main.c:5: SPRITES_8x16;
    00000000 F0r00            [12]   49 	ldh	a, (_LCDC_REG + 0)
    00000002 F6 04            [ 8]   50 	or	a, #0x04
    00000004 E0r00            [12]   51 	ldh	(_LCDC_REG + 0), a
                                     52 ;main.c:6: set_sprite_data(0, 8, smile);
    00000006 11r00r00         [12]   53 	ld	de, #_smile
    00000009 D5               [16]   54 	push	de
    0000000A 21 00 08         [12]   55 	ld	hl, #0x800
    0000000D E5               [16]   56 	push	hl
    0000000E CDr00r00         [24]   57 	call	_set_sprite_data
    00000011 E8 04            [16]   58 	add	sp, #4
                                     59 ;/Users/max/gbdk/include/gb/gb.h:1887: shadow_OAM[nb].tile=tile;
    00000013 21r02r00         [12]   60 	ld	hl, #(_shadow_OAM + 2)
                                     61 ;/Users/max/gbdk/include/gb/gb.h:1973: OAM_item_t * itm = &shadow_OAM[nb];
    00000016 AF               [ 4]   62 	xor	a, a
    00000017 32               [ 8]   63 	ld	(hl-), a
    00000018 2B               [ 8]   64 	dec	hl
                                     65 ;/Users/max/gbdk/include/gb/gb.h:1974: itm->y=y, itm->x=x;
    00000019 3E 4B            [ 8]   66 	ld	a, #0x4b
    0000001B 22               [ 8]   67 	ld	(hl+), a
    0000001C 36 4B            [12]   68 	ld	(hl), #0x4b
                                     69 ;main.c:9: SHOW_SPRITES;
    0000001E F0r00            [12]   70 	ldh	a, (_LCDC_REG + 0)
    00000020 F6 02            [ 8]   71 	or	a, #0x02
    00000022 E0r00            [12]   72 	ldh	(_LCDC_REG + 0), a
                                     73 ;main.c:10: }
    00000024 C9               [16]   74 	ret
                                     75 	.area _CODE
                                     76 	.area _INITIALIZER
                                     77 	.area _CABS (ABS)
