                                      1 ;--------------------------------------------------------
                                      2 ; File Created by SDCC : free open source ISO C Compiler
                                      3 ; Version 4.5.1 #15267 (Mac OS X x86_64)
                                      4 ;--------------------------------------------------------
                                      5 	.module main
                                      6 	
                                      7 ;--------------------------------------------------------
                                      8 ; Public variables in this module
                                      9 ;--------------------------------------------------------
                                     10 	.globl _main
                                     11 	.globl _set_sprite_data
                                     12 	.globl _joypad
                                     13 	.globl _Smiler
                                     14 ;--------------------------------------------------------
                                     15 ; special function registers
                                     16 ;--------------------------------------------------------
                                     17 ;--------------------------------------------------------
                                     18 ; ram data
                                     19 ;--------------------------------------------------------
                                     20 	.area _DATA
                                     21 ;--------------------------------------------------------
                                     22 ; ram data
                                     23 ;--------------------------------------------------------
                                     24 	.area _INITIALIZED
    00000000                         25 _Smiler::
    00000000                         26 	.ds 32
                                     27 ;--------------------------------------------------------
                                     28 ; absolute external ram data
                                     29 ;--------------------------------------------------------
                                     30 	.area _DABS (ABS)
                                     31 ;--------------------------------------------------------
                                     32 ; global & static initialisations
                                     33 ;--------------------------------------------------------
                                     34 	.area _HOME
                                     35 	.area _GSINIT
                                     36 	.area _GSFINAL
                                     37 	.area _GSINIT
                                     38 ;--------------------------------------------------------
                                     39 ; Home
                                     40 ;--------------------------------------------------------
                                     41 	.area _HOME
                                     42 	.area _HOME
                                     43 ;--------------------------------------------------------
                                     44 ; code
                                     45 ;--------------------------------------------------------
                                     46 	.area _CODE
                                     47 ;main.c:7: void main(void){
                                     48 ;	---------------------------------
                                     49 ; Function main
                                     50 ; ---------------------------------
    00000000                         51 _main::
    00000000 E8 FD            [16]   52 	add	sp, #-3
                                     53 ;main.c:10: uint16_t current_frame = 0;
    00000002 01 00 00         [12]   54 	ld	bc, #0x0000
                                     55 ;main.c:17: set_sprite_data(0, 2, Smiler);
    00000005 11r00r00         [12]   56 	ld	de, #_Smiler
    00000008 D5               [16]   57 	push	de
    00000009 21 00 02         [12]   58 	ld	hl, #0x200
    0000000C E5               [16]   59 	push	hl
    0000000D CDr00r00         [24]   60 	call	_set_sprite_data
    00000010 E8 04            [16]   61 	add	sp, #4
                                     62 ;/Users/max/gbdk/include/gb/gb.h:1887: shadow_OAM[nb].tile=tile;
    00000012 21r02r00         [12]   63 	ld	hl, #(_shadow_OAM + 2)
                                     64 ;/Users/max/gbdk/include/gb/gb.h:1973: OAM_item_t * itm = &shadow_OAM[nb];
    00000015 AF               [ 4]   65 	xor	a, a
    00000016 32               [ 8]   66 	ld	(hl-), a
    00000017 2B               [ 8]   67 	dec	hl
                                     68 ;/Users/max/gbdk/include/gb/gb.h:1974: itm->y=y, itm->x=x;
    00000018 3E 4E            [ 8]   69 	ld	a, #0x4e
    0000001A 22               [ 8]   70 	ld	(hl+), a
    0000001B 36 58            [12]   71 	ld	(hl), #0x58
                                     72 ;main.c:20: SHOW_SPRITES;
    0000001D F0r00            [12]   73 	ldh	a, (_LCDC_REG + 0)
    0000001F F6 02            [ 8]   74 	or	a, #0x02
    00000021 E0r00            [12]   75 	ldh	(_LCDC_REG + 0), a
                                     76 ;main.c:22: while(1){
    00000023                         77 00104$:
                                     78 ;main.c:23: if(++current_frame >= frame_to_update_motion){
    00000023 03               [ 8]   79 	inc	bc
    00000024 79               [ 4]   80 	ld	a, c
    00000025 D6 E8            [ 8]   81 	sub	a, #0xe8
    00000027 78               [ 4]   82 	ld	a, b
    00000028 DE 03            [ 8]   83 	sbc	a, #0x03
    0000002A 38 F7            [12]   84 	jr	C, 00104$
                                     85 ;main.c:24: uint8_t joypad_value = joypad();
    0000002C CDr00r00         [24]   86 	call	_joypad
    0000002F F8 02            [12]   87 	ldhl	sp,	#2
    00000031 77               [ 8]   88 	ld	(hl), a
                                     89 ;main.c:25: current_frame = 0;
    00000032 01 00 00         [12]   90 	ld	bc, #0x0000
                                     91 ;main.c:26: horizontal_motion = -1*( (J_LEFT & joypad_value)>>1 ) + (J_RIGHT & joypad_value);
    00000035 F8 02            [12]   92 	ldhl	sp,	#2
    00000037 3A               [ 8]   93 	ld	a, (hl-)
    00000038 2B               [ 8]   94 	dec	hl
    00000039 22               [ 8]   95 	ld	(hl+), a
    0000003A AF               [ 4]   96 	xor	a, a
    0000003B 32               [ 8]   97 	ld	(hl-), a
    0000003C 2A               [ 8]   98 	ld	a, (hl+)
    0000003D 23               [ 8]   99 	inc	hl
    0000003E E6 02            [ 8]  100 	and	a, #0x02
    00000040 5F               [ 4]  101 	ld	e, a
    00000041 16 00            [ 8]  102 	ld	d, #0x00
    00000043 CB 3A            [ 8]  103 	srl	d
    00000045 CB 1B            [ 8]  104 	rr	e
    00000047 7B               [ 4]  105 	ld	a, e
    00000048 87               [ 4]  106 	add	a, a
    00000049 87               [ 4]  107 	add	a, a
    0000004A 87               [ 4]  108 	add	a, a
    0000004B 87               [ 4]  109 	add	a, a
    0000004C 87               [ 4]  110 	add	a, a
    0000004D 87               [ 4]  111 	add	a, a
    0000004E 87               [ 4]  112 	add	a, a
    0000004F 87               [ 4]  113 	add	a, a
    00000050 93               [ 4]  114 	sub	a, e
    00000051 F5               [16]  115 	push	af
    00000052 7E               [ 8]  116 	ld	a, (hl)
    00000053 E6 01            [ 8]  117 	and	a, #0x01
    00000055 5F               [ 4]  118 	ld	e, a
    00000056 F1               [12]  119 	pop	af
    00000057 83               [ 4]  120 	add	a, e
                                    121 ;main.c:27: vertical_motion = -1*( (J_UP & joypad_value)>>2 ) + ( (J_DOWN & joypad_value)>>3 );
    00000058 32               [ 8]  122 	ld	(hl-), a
    00000059 2B               [ 8]  123 	dec	hl
    0000005A 7E               [ 8]  124 	ld	a, (hl)
    0000005B E6 04            [ 8]  125 	and	a, #0x04
    0000005D 5F               [ 4]  126 	ld	e, a
    0000005E 16 00            [ 8]  127 	ld	d, #0x00
    00000060 CB 3A            [ 8]  128 	srl	d
    00000062 CB 1B            [ 8]  129 	rr	e
    00000064 CB 3A            [ 8]  130 	srl	d
    00000066 CB 1B            [ 8]  131 	rr	e
    00000068 7B               [ 4]  132 	ld	a,e
    00000069 87               [ 4]  133 	add	a, a
    0000006A 87               [ 4]  134 	add	a, a
    0000006B 87               [ 4]  135 	add	a, a
    0000006C 87               [ 4]  136 	add	a, a
    0000006D 87               [ 4]  137 	add	a, a
    0000006E 87               [ 4]  138 	add	a, a
    0000006F 87               [ 4]  139 	add	a, a
    00000070 87               [ 4]  140 	add	a, a
    00000071 93               [ 4]  141 	sub	a, e
    00000072 6F               [ 4]  142 	ld	l, a
    00000073 E5               [16]  143 	push	hl
    00000074 F8 02            [12]  144 	ldhl	sp,	#2
    00000076 7E               [ 8]  145 	ld	a, (hl)
    00000077 E1               [12]  146 	pop	hl
    00000078 E6 08            [ 8]  147 	and	a, #0x08
    0000007A 5F               [ 4]  148 	ld	e, a
    0000007B 16 00            [ 8]  149 	ld	d, #0x00
    0000007D CB 3A            [ 8]  150 	srl	d
    0000007F CB 1B            [ 8]  151 	rr	e
    00000081 CB 3A            [ 8]  152 	srl	d
    00000083 CB 1B            [ 8]  153 	rr	e
    00000085 CB 3A            [ 8]  154 	srl	d
    00000087 CB 1B            [ 8]  155 	rr	e
    00000089 7B               [ 4]  156 	ld	a, e
    0000008A 85               [ 4]  157 	add	a, l
    0000008B 5F               [ 4]  158 	ld	e, a
                                    159 ;/Users/max/gbdk/include/gb/gb.h:1989: OAM_item_t * itm = &shadow_OAM[nb];
                                    160 ;/Users/max/gbdk/include/gb/gb.h:1990: itm->y+=y, itm->x+=x;
    0000008C 21r00r00         [12]  161 	ld	hl, #_shadow_OAM
    0000008F 7E               [ 8]  162 	ld	a, (hl)
    00000090 83               [ 4]  163 	add	a, e
    00000091 77               [ 8]  164 	ld	(hl), a
    00000092 11r01r00         [12]  165 	ld	de, #_shadow_OAM + 1
    00000095 1A               [ 8]  166 	ld	a, (de)
    00000096 F8 02            [12]  167 	ldhl	sp,	#2
    00000098 86               [ 8]  168 	add	a, (hl)
    00000099 12               [ 8]  169 	ld	(de), a
                                    170 ;main.c:29: scroll_sprite(0,horizontal_motion,vertical_motion);
    0000009A 18 87            [12]  171 	jr	00104$
                                    172 ;main.c:32: }
    0000009C E8 03            [16]  173 	add	sp, #3
    0000009E C9               [16]  174 	ret
                                    175 	.area _CODE
                                    176 	.area _INITIALIZER
    00000000                        177 __xinit__Smiler:
    00000000 7E                     178 	.db #0x7e	; 126
    00000001 7E                     179 	.db #0x7e	; 126
    00000002 FF                     180 	.db #0xff	; 255
    00000003 81                     181 	.db #0x81	; 129
    00000004 FF                     182 	.db #0xff	; 255
    00000005 A5                     183 	.db #0xa5	; 165
    00000006 FF                     184 	.db #0xff	; 255
    00000007 81                     185 	.db #0x81	; 129
    00000008 FF                     186 	.db #0xff	; 255
    00000009 81                     187 	.db #0x81	; 129
    0000000A FF                     188 	.db #0xff	; 255
    0000000B BD                     189 	.db #0xbd	; 189
    0000000C FF                     190 	.db #0xff	; 255
    0000000D 81                     191 	.db #0x81	; 129
    0000000E 7E                     192 	.db #0x7e	; 126
    0000000F 7E                     193 	.db #0x7e	; 126
    00000010 7E                     194 	.db #0x7e	; 126
    00000011 7E                     195 	.db #0x7e	; 126
    00000012 FF                     196 	.db #0xff	; 255
    00000013 81                     197 	.db #0x81	; 129
    00000014 FF                     198 	.db #0xff	; 255
    00000015 A5                     199 	.db #0xa5	; 165
    00000016 FF                     200 	.db #0xff	; 255
    00000017 81                     201 	.db #0x81	; 129
    00000018 FF                     202 	.db #0xff	; 255
    00000019 A5                     203 	.db #0xa5	; 165
    0000001A FF                     204 	.db #0xff	; 255
    0000001B 99                     205 	.db #0x99	; 153
    0000001C FF                     206 	.db #0xff	; 255
    0000001D 81                     207 	.db #0x81	; 129
    0000001E 7E                     208 	.db #0x7e	; 126
    0000001F 7E                     209 	.db #0x7e	; 126
                                    210 	.area _CABS (ABS)
