                                      1 ;--------------------------------------------------------
                                      2 ; File Created by SDCC : free open source ISO C Compiler
                                      3 ; Version 4.5.1 #15267 (Mac OS X x86_64)
                                      4 ;--------------------------------------------------------
                                      5 	.module main
                                      6 	
                                      7 ;--------------------------------------------------------
                                      8 ; Public variables in this module
                                      9 ;--------------------------------------------------------
                                     10 	.globl _main
                                     11 	.globl _set_sprite_data
                                     12 	.globl _joypad
                                     13 	.globl _Smiler
                                     14 ;--------------------------------------------------------
                                     15 ; special function registers
                                     16 ;--------------------------------------------------------
                                     17 ;--------------------------------------------------------
                                     18 ; ram data
                                     19 ;--------------------------------------------------------
                                     20 	.area _DATA
                                     21 ;--------------------------------------------------------
                                     22 ; ram data
                                     23 ;--------------------------------------------------------
                                     24 	.area _INITIALIZED
    00000000                         25 _Smiler::
    00000000                         26 	.ds 32
                                     27 ;--------------------------------------------------------
                                     28 ; absolute external ram data
                                     29 ;--------------------------------------------------------
                                     30 	.area _DABS (ABS)
                                     31 ;--------------------------------------------------------
                                     32 ; global & static initialisations
                                     33 ;--------------------------------------------------------
                                     34 	.area _HOME
                                     35 	.area _GSINIT
                                     36 	.area _GSFINAL
                                     37 	.area _GSINIT
                                     38 ;--------------------------------------------------------
                                     39 ; Home
                                     40 ;--------------------------------------------------------
                                     41 	.area _HOME
                                     42 	.area _HOME
                                     43 ;--------------------------------------------------------
                                     44 ; code
                                     45 ;--------------------------------------------------------
                                     46 	.area _CODE
                                     47 ;main.c:7: void main(void){
                                     48 ;	---------------------------------
                                     49 ; Function main
                                     50 ; ---------------------------------
    00000000                         51 _main::
    00000000 E8 F3            [16]   52 	add	sp, #-13
                                     53 ;main.c:14: uint16_t current_frame = 0;
    00000002 AF               [ 4]   54 	xor	a, a
    00000003 F8 09            [12]   55 	ldhl	sp,	#9
    00000005 22               [ 8]   56 	ld	(hl+), a
    00000006 77               [ 8]   57 	ld	(hl), a
                                     58 ;main.c:21: uint16_t expanded_x_position = position_divisor*88;
    00000007 F8 00            [12]   59 	ldhl	sp,	#0
    00000009 3E 80            [ 8]   60 	ld	a, #0x80
    0000000B 22               [ 8]   61 	ld	(hl+), a
                                     62 ;main.c:22: uint16_t expanded_y_position = position_divisor*78;
    0000000C 3E 05            [ 8]   63 	ld	a, #0x05
    0000000E 22               [ 8]   64 	ld	(hl+), a
    0000000F 3E E0            [ 8]   65 	ld	a, #0xe0
    00000011 22               [ 8]   66 	ld	(hl+), a
    00000012 36 04            [12]   67 	ld	(hl), #0x04
                                     68 ;main.c:25: int8_t x_v = 0;
    00000014 F8 0B            [12]   69 	ldhl	sp,	#11
                                     70 ;main.c:26: int8_t y_v = 0;
    00000016 AF               [ 4]   71 	xor	a, a
    00000017 22               [ 8]   72 	ld	(hl+), a
    00000018 77               [ 8]   73 	ld	(hl), a
                                     74 ;main.c:32: set_sprite_data(0, 2, Smiler);
    00000019 11r00r00         [12]   75 	ld	de, #_Smiler
    0000001C D5               [16]   76 	push	de
    0000001D 21 00 02         [12]   77 	ld	hl, #0x200
    00000020 E5               [16]   78 	push	hl
    00000021 CDr00r00         [24]   79 	call	_set_sprite_data
    00000024 E8 04            [16]   80 	add	sp, #4
                                     81 ;/Users/max/gbdk/include/gb/gb.h:1887: shadow_OAM[nb].tile=tile;
    00000026 21r02r00         [12]   82 	ld	hl, #(_shadow_OAM + 2)
                                     83 ;/Users/max/gbdk/include/gb/gb.h:1973: OAM_item_t * itm = &shadow_OAM[nb];
    00000029 AF               [ 4]   84 	xor	a, a
    0000002A 32               [ 8]   85 	ld	(hl-), a
    0000002B 2B               [ 8]   86 	dec	hl
                                     87 ;/Users/max/gbdk/include/gb/gb.h:1974: itm->y=y, itm->x=x;
    0000002C 3E 4E            [ 8]   88 	ld	a, #0x4e
    0000002E 22               [ 8]   89 	ld	(hl+), a
    0000002F 36 58            [12]   90 	ld	(hl), #0x58
                                     91 ;main.c:35: SHOW_SPRITES;
    00000031 F0r00            [12]   92 	ldh	a, (_LCDC_REG + 0)
    00000033 F6 02            [ 8]   93 	or	a, #0x02
    00000035 E0r00            [12]   94 	ldh	(_LCDC_REG + 0), a
                                     95 ;main.c:37: while(1){
    00000037                         96 00118$:
                                     97 ;main.c:38: if(++current_frame >= frame_to_update_motion){
    00000037 F8 09            [12]   98 	ldhl	sp,	#9
    00000039 34               [12]   99 	inc	(hl)
    0000003A 20 02            [12]  100 	jr	NZ, 00199$
    0000003C 23               [ 8]  101 	inc	hl
    0000003D 34               [12]  102 	inc	(hl)
    0000003E                        103 00199$:
    0000003E F8 09            [12]  104 	ldhl	sp,	#9
    00000040 2A               [ 8]  105 	ld	a, (hl+)
    00000041 D6 F4            [ 8]  106 	sub	a, #0xf4
    00000043 7E               [ 8]  107 	ld	a, (hl)
    00000044 DE 01            [ 8]  108 	sbc	a, #0x01
    00000046 38 EF            [12]  109 	jr	C, 00118$
                                    110 ;main.c:39: uint8_t joypad_value = joypad();
    00000048 CDr00r00         [24]  111 	call	_joypad
    0000004B F8 04            [12]  112 	ldhl	sp,	#4
    0000004D 77               [ 8]  113 	ld	(hl), a
                                    114 ;main.c:40: current_frame = 0;
    0000004E AF               [ 4]  115 	xor	a, a
    0000004F F8 09            [12]  116 	ldhl	sp,	#9
    00000051 22               [ 8]  117 	ld	(hl+), a
    00000052 77               [ 8]  118 	ld	(hl), a
                                    119 ;main.c:41: x_a = -1*( (J_LEFT & joypad_value)>>1 ) + (J_RIGHT & joypad_value);
    00000053 F8 04            [12]  120 	ldhl	sp,	#4
    00000055 2A               [ 8]  121 	ld	a, (hl+)
    00000056 22               [ 8]  122 	ld	(hl+), a
    00000057 AF               [ 4]  123 	xor	a, a
    00000058 32               [ 8]  124 	ld	(hl-), a
    00000059 2A               [ 8]  125 	ld	a, (hl+)
    0000005A 23               [ 8]  126 	inc	hl
    0000005B E6 02            [ 8]  127 	and	a, #0x02
    0000005D 22               [ 8]  128 	ld	(hl+), a
    0000005E 36 00            [12]  129 	ld	(hl), #0x00
    00000060 CB 3E            [16]  130 	srl	(hl)
    00000062 2B               [ 8]  131 	dec	hl
    00000063 CB 1E            [16]  132 	rr	(hl)
    00000065 7E               [ 8]  133 	ld	a, (hl)
    00000066 4F               [ 4]  134 	ld	c, a
    00000067 87               [ 4]  135 	add	a, a
    00000068 87               [ 4]  136 	add	a, a
    00000069 87               [ 4]  137 	add	a, a
    0000006A 87               [ 4]  138 	add	a, a
    0000006B 87               [ 4]  139 	add	a, a
    0000006C 87               [ 4]  140 	add	a, a
    0000006D 87               [ 4]  141 	add	a, a
    0000006E 87               [ 4]  142 	add	a, a
    0000006F 91               [ 4]  143 	sub	a, c
    00000070 4F               [ 4]  144 	ld	c, a
    00000071 F8 04            [12]  145 	ldhl	sp,	#4
                                    146 ;main.c:42: y_a = -1*( (J_UP & joypad_value)>>2 ) + ( (J_DOWN & joypad_value)>>3 );
    00000073 2A               [ 8]  147 	ld	a, (hl+)
    00000074 E6 01            [ 8]  148 	and	a, #0x01
    00000076 81               [ 4]  149 	add	a, c
    00000077 4F               [ 4]  150 	ld	c, a
    00000078 7E               [ 8]  151 	ld	a, (hl)
    00000079 E6 04            [ 8]  152 	and	a, #0x04
    0000007B 5F               [ 4]  153 	ld	e, a
    0000007C 16 00            [ 8]  154 	ld	d, #0x00
    0000007E CB 3A            [ 8]  155 	srl	d
    00000080 CB 1B            [ 8]  156 	rr	e
    00000082 CB 3A            [ 8]  157 	srl	d
    00000084 CB 1B            [ 8]  158 	rr	e
    00000086 7B               [ 4]  159 	ld	a,e
    00000087 87               [ 4]  160 	add	a, a
    00000088 87               [ 4]  161 	add	a, a
    00000089 87               [ 4]  162 	add	a, a
    0000008A 87               [ 4]  163 	add	a, a
    0000008B 87               [ 4]  164 	add	a, a
    0000008C 87               [ 4]  165 	add	a, a
    0000008D 87               [ 4]  166 	add	a, a
    0000008E 87               [ 4]  167 	add	a, a
    0000008F 93               [ 4]  168 	sub	a, e
    00000090 47               [ 4]  169 	ld	b, a
    00000091 7E               [ 8]  170 	ld	a, (hl)
    00000092 E6 08            [ 8]  171 	and	a, #0x08
    00000094 5F               [ 4]  172 	ld	e, a
    00000095 16 00            [ 8]  173 	ld	d, #0x00
    00000097 CB 3A            [ 8]  174 	srl	d
    00000099 CB 1B            [ 8]  175 	rr	e
    0000009B CB 3A            [ 8]  176 	srl	d
    0000009D CB 1B            [ 8]  177 	rr	e
    0000009F CB 3A            [ 8]  178 	srl	d
    000000A1 CB 1B            [ 8]  179 	rr	e
    000000A3 7B               [ 4]  180 	ld	a, e
    000000A4 80               [ 4]  181 	add	a, b
    000000A5 F8 08            [12]  182 	ldhl	sp,	#8
    000000A7 77               [ 8]  183 	ld	(hl), a
                                    184 ;main.c:44: x_v += x_a;
    000000A8 F8 0B            [12]  185 	ldhl	sp,	#11
    000000AA 7E               [ 8]  186 	ld	a, (hl)
    000000AB 81               [ 4]  187 	add	a, c
    000000AC 77               [ 8]  188 	ld	(hl), a
                                    189 ;main.c:45: if(x_v > max_velocity){
    000000AD 5E               [ 8]  190 	ld	e, (hl)
    000000AE 3E 40            [ 8]  191 	ld	a,#0x40
    000000B0 57               [ 4]  192 	ld	d,a
    000000B1 96               [ 8]  193 	sub	a, (hl)
    000000B2 CB 7B            [ 8]  194 	bit	7, e
    000000B4 28 07            [12]  195 	jr	Z, 00200$
    000000B6 CB 7A            [ 8]  196 	bit	7, d
    000000B8 20 08            [12]  197 	jr	NZ, 00201$
    000000BA BF               [ 4]  198 	cp	a, a
    000000BB 18 05            [12]  199 	jr	00201$
    000000BD                        200 00200$:
    000000BD CB 7A            [ 8]  201 	bit	7, d
    000000BF 28 01            [12]  202 	jr	Z, 00201$
    000000C1 37               [ 4]  203 	scf
    000000C2                        204 00201$:
    000000C2 30 04            [12]  205 	jr	NC, 00102$
                                    206 ;main.c:46: x_v = max_velocity;
    000000C4 F8 0B            [12]  207 	ldhl	sp,	#11
    000000C6 36 40            [12]  208 	ld	(hl), #0x40
    000000C8                        209 00102$:
                                    210 ;main.c:48: if(x_v < -max_velocity){
    000000C8 F8 0B            [12]  211 	ldhl	sp,	#11
    000000CA 7E               [ 8]  212 	ld	a, (hl)
    000000CB 4F               [ 4]  213 	ld	c, a
    000000CC 07               [ 4]  214 	rlca
    000000CD 9F               [ 4]  215 	sbc	a, a
    000000CE 47               [ 4]  216 	ld	b, a
    000000CF 79               [ 4]  217 	ld	a, c
    000000D0 D6 C0            [ 8]  218 	sub	a, #0xc0
    000000D2 78               [ 4]  219 	ld	a, b
    000000D3 17               [ 4]  220 	rla
    000000D4 3F               [ 4]  221 	ccf
    000000D5 1F               [ 4]  222 	rra
    000000D6 DE 7F            [ 8]  223 	sbc	a, #0x7f
    000000D8 30 02            [12]  224 	jr	NC, 00104$
                                    225 ;main.c:49: x_v = -max_velocity;
    000000DA 36 C0            [12]  226 	ld	(hl), #0xc0
    000000DC                        227 00104$:
                                    228 ;main.c:51: y_v += y_a;
    000000DC F8 0C            [12]  229 	ldhl	sp,	#12
    000000DE 7E               [ 8]  230 	ld	a, (hl)
    000000DF F8 08            [12]  231 	ldhl	sp,	#8
    000000E1 86               [ 8]  232 	add	a, (hl)
    000000E2 F8 0C            [12]  233 	ldhl	sp,	#12
    000000E4 77               [ 8]  234 	ld	(hl), a
                                    235 ;main.c:52: if(y_v > max_velocity){
    000000E5 5E               [ 8]  236 	ld	e, (hl)
    000000E6 3E 40            [ 8]  237 	ld	a,#0x40
    000000E8 57               [ 4]  238 	ld	d,a
    000000E9 96               [ 8]  239 	sub	a, (hl)
    000000EA CB 7B            [ 8]  240 	bit	7, e
    000000EC 28 07            [12]  241 	jr	Z, 00202$
    000000EE CB 7A            [ 8]  242 	bit	7, d
    000000F0 20 08            [12]  243 	jr	NZ, 00203$
    000000F2 BF               [ 4]  244 	cp	a, a
    000000F3 18 05            [12]  245 	jr	00203$
    000000F5                        246 00202$:
    000000F5 CB 7A            [ 8]  247 	bit	7, d
    000000F7 28 01            [12]  248 	jr	Z, 00203$
    000000F9 37               [ 4]  249 	scf
    000000FA                        250 00203$:
    000000FA 30 04            [12]  251 	jr	NC, 00106$
                                    252 ;main.c:53: y_v = max_velocity;
    000000FC F8 0C            [12]  253 	ldhl	sp,	#12
    000000FE 36 40            [12]  254 	ld	(hl), #0x40
    00000100                        255 00106$:
                                    256 ;main.c:55: if(y_v < -max_velocity){
    00000100 F8 0C            [12]  257 	ldhl	sp,	#12
    00000102 7E               [ 8]  258 	ld	a, (hl)
    00000103 4F               [ 4]  259 	ld	c, a
    00000104 07               [ 4]  260 	rlca
    00000105 9F               [ 4]  261 	sbc	a, a
    00000106 47               [ 4]  262 	ld	b, a
    00000107 79               [ 4]  263 	ld	a, c
    00000108 D6 C0            [ 8]  264 	sub	a, #0xc0
    0000010A 78               [ 4]  265 	ld	a, b
    0000010B 17               [ 4]  266 	rla
    0000010C 3F               [ 4]  267 	ccf
    0000010D 1F               [ 4]  268 	rra
    0000010E DE 7F            [ 8]  269 	sbc	a, #0x7f
    00000110 30 02            [12]  270 	jr	NC, 00108$
                                    271 ;main.c:56: y_v = -max_velocity;
    00000112 36 C0            [12]  272 	ld	(hl), #0xc0
    00000114                        273 00108$:
                                    274 ;main.c:58: expanded_x_position += x_v;
    00000114 F8 0B            [12]  275 	ldhl	sp,	#11
    00000116 7E               [ 8]  276 	ld	a, (hl)
    00000117 5F               [ 4]  277 	ld	e, a
    00000118 07               [ 4]  278 	rlca
    00000119 9F               [ 4]  279 	sbc	a, a
    0000011A 57               [ 4]  280 	ld	d, a
    0000011B F8 00            [12]  281 	ldhl	sp,	#0
    0000011D 2A               [ 8]  282 	ld	a, (hl+)
    0000011E 46               [ 8]  283 	ld	b, (hl)
    0000011F 2B               [ 8]  284 	dec	hl
    00000120 83               [ 4]  285 	add	a, e
    00000121 4F               [ 4]  286 	ld	c, a
    00000122 78               [ 4]  287 	ld	a, b
    00000123 8A               [ 4]  288 	adc	a, d
    00000124 71               [ 8]  289 	ld	(hl), c
    00000125 23               [ 8]  290 	inc	hl
    00000126 77               [ 8]  291 	ld	(hl), a
                                    292 ;main.c:59: actual_x_position = expanded_x_position/position_divisor;
    00000127 01 10 00         [12]  293 	ld	bc, #0x0010
    0000012A D1               [12]  294 	pop	de
    0000012B D5               [16]  295 	push	de
    0000012C CDr00r00         [24]  296 	call	__divuint
    0000012F F8 08            [12]  297 	ldhl	sp,	#8
    00000131 71               [ 8]  298 	ld	(hl), c
                                    299 ;main.c:60: expanded_y_position += y_v;
    00000132 F8 0C            [12]  300 	ldhl	sp,	#12
    00000134 7E               [ 8]  301 	ld	a, (hl)
    00000135 5F               [ 4]  302 	ld	e, a
    00000136 07               [ 4]  303 	rlca
    00000137 9F               [ 4]  304 	sbc	a, a
    00000138 57               [ 4]  305 	ld	d, a
    00000139 F8 02            [12]  306 	ldhl	sp,	#2
    0000013B 2A               [ 8]  307 	ld	a, (hl+)
    0000013C 46               [ 8]  308 	ld	b, (hl)
    0000013D 2B               [ 8]  309 	dec	hl
    0000013E 83               [ 4]  310 	add	a, e
    0000013F 4F               [ 4]  311 	ld	c, a
    00000140 78               [ 4]  312 	ld	a, b
    00000141 8A               [ 4]  313 	adc	a, d
    00000142 71               [ 8]  314 	ld	(hl), c
    00000143 23               [ 8]  315 	inc	hl
                                    316 ;main.c:61: actual_y_position = expanded_y_position/position_divisor;
    00000144 32               [ 8]  317 	ld	(hl-), a
    00000145 01 10 00         [12]  318 	ld	bc, #0x0010
    00000148 2A               [ 8]  319 	ld	a, (hl+)
    00000149 5F               [ 4]  320 	ld	e, a
    0000014A 56               [ 8]  321 	ld	d, (hl)
    0000014B CDr00r00         [24]  322 	call	__divuint
    0000014E F8 07            [12]  323 	ldhl	sp,	#7
                                    324 ;main.c:63: if(actual_x_position <= wall_left || actual_x_position >= wall_right){
    00000150 79               [ 4]  325 	ld	a, c
    00000151 22               [ 8]  326 	ld	(hl+), a
    00000152 3E 08            [ 8]  327 	ld	a, #0x08
    00000154 96               [ 8]  328 	sub	a, (hl)
    00000155 3E 00            [ 8]  329 	ld	a, #0x00
    00000157 17               [ 4]  330 	rla
    00000158 4F               [ 4]  331 	ld	c, a
    00000159 CB 41            [ 8]  332 	bit	0, c
    0000015B 28 05            [12]  333 	jr	Z, 00109$
    0000015D 7E               [ 8]  334 	ld	a, (hl)
    0000015E D6 A0            [ 8]  335 	sub	a, #0xa0
    00000160 38 13            [12]  336 	jr	C, 00110$
    00000162                        337 00109$:
                                    338 ;main.c:64: x_v = -x_v;
    00000162 AF               [ 4]  339 	xor	a, a
    00000163 F8 0B            [12]  340 	ldhl	sp,	#11
    00000165 96               [ 8]  341 	sub	a, (hl)
    00000166 77               [ 8]  342 	ld	(hl), a
                                    343 ;main.c:65: actual_x_position = actual_x_position <= wall_left ? wall_left : wall_right;
    00000167 CB 41            [ 8]  344 	bit	0, c
    00000169 20 06            [12]  345 	jr	NZ, 00125$
    0000016B F8 08            [12]  346 	ldhl	sp,	#8
    0000016D 36 08            [12]  347 	ld	(hl), #0x08
    0000016F 18 04            [12]  348 	jr	00126$
    00000171                        349 00125$:
    00000171 F8 08            [12]  350 	ldhl	sp,	#8
    00000173 36 A0            [12]  351 	ld	(hl), #0xa0
    00000175                        352 00126$:
    00000175                        353 00110$:
                                    354 ;main.c:67: if(actual_y_position <= wall_up || actual_y_position >= wall_down){
    00000175 3E 10            [ 8]  355 	ld	a, #0x10
    00000177 F8 07            [12]  356 	ldhl	sp,	#7
    00000179 96               [ 8]  357 	sub	a, (hl)
    0000017A 3E 00            [ 8]  358 	ld	a, #0x00
    0000017C 17               [ 4]  359 	rla
    0000017D 4F               [ 4]  360 	ld	c, a
    0000017E CB 41            [ 8]  361 	bit	0, c
    00000180 28 05            [12]  362 	jr	Z, 00112$
    00000182 7E               [ 8]  363 	ld	a, (hl)
    00000183 D6 98            [ 8]  364 	sub	a, #0x98
    00000185 38 10            [12]  365 	jr	C, 00113$
    00000187                        366 00112$:
                                    367 ;main.c:68: y_v = -y_v;
    00000187 AF               [ 4]  368 	xor	a, a
    00000188 F8 0C            [12]  369 	ldhl	sp,	#12
    0000018A 96               [ 8]  370 	sub	a, (hl)
    0000018B 77               [ 8]  371 	ld	(hl), a
                                    372 ;main.c:69: actual_y_position = actual_y_position <= wall_up ? wall_up : wall_down;
    0000018C CB 41            [ 8]  373 	bit	0, c
    0000018E 3E 10            [ 8]  374 	ld	a, #0x10
    00000190 28 02            [12]  375 	jr	Z, 00128$
    00000192 3E 98            [ 8]  376 	ld	a, #0x98
    00000194                        377 00128$:
    00000194 F8 07            [12]  378 	ldhl	sp,	#7
    00000196 77               [ 8]  379 	ld	(hl), a
    00000197                        380 00113$:
                                    381 ;/Users/max/gbdk/include/gb/gb.h:1973: OAM_item_t * itm = &shadow_OAM[nb];
    00000197 01r00r00         [12]  382 	ld	bc, #_shadow_OAM
                                    383 ;/Users/max/gbdk/include/gb/gb.h:1974: itm->y=y, itm->x=x;
    0000019A F8 07            [12]  384 	ldhl	sp,	#7
    0000019C 2A               [ 8]  385 	ld	a, (hl+)
    0000019D 02               [ 8]  386 	ld	(bc), a
    0000019E 03               [ 8]  387 	inc	bc
    0000019F 7E               [ 8]  388 	ld	a, (hl)
    000001A0 02               [ 8]  389 	ld	(bc), a
                                    390 ;main.c:71: move_sprite(0, actual_x_position, actual_y_position);
    000001A1 C3r37r00         [16]  391 	jp	00118$
                                    392 ;main.c:74: }
    000001A4 E8 0D            [16]  393 	add	sp, #13
    000001A6 C9               [16]  394 	ret
                                    395 	.area _CODE
                                    396 	.area _INITIALIZER
    00000000                        397 __xinit__Smiler:
    00000000 7E                     398 	.db #0x7e	; 126
    00000001 7E                     399 	.db #0x7e	; 126
    00000002 FF                     400 	.db #0xff	; 255
    00000003 81                     401 	.db #0x81	; 129
    00000004 FF                     402 	.db #0xff	; 255
    00000005 A5                     403 	.db #0xa5	; 165
    00000006 FF                     404 	.db #0xff	; 255
    00000007 81                     405 	.db #0x81	; 129
    00000008 FF                     406 	.db #0xff	; 255
    00000009 81                     407 	.db #0x81	; 129
    0000000A FF                     408 	.db #0xff	; 255
    0000000B BD                     409 	.db #0xbd	; 189
    0000000C FF                     410 	.db #0xff	; 255
    0000000D 81                     411 	.db #0x81	; 129
    0000000E 7E                     412 	.db #0x7e	; 126
    0000000F 7E                     413 	.db #0x7e	; 126
    00000010 7E                     414 	.db #0x7e	; 126
    00000011 7E                     415 	.db #0x7e	; 126
    00000012 FF                     416 	.db #0xff	; 255
    00000013 81                     417 	.db #0x81	; 129
    00000014 FF                     418 	.db #0xff	; 255
    00000015 A5                     419 	.db #0xa5	; 165
    00000016 FF                     420 	.db #0xff	; 255
    00000017 81                     421 	.db #0x81	; 129
    00000018 FF                     422 	.db #0xff	; 255
    00000019 A5                     423 	.db #0xa5	; 165
    0000001A FF                     424 	.db #0xff	; 255
    0000001B 99                     425 	.db #0x99	; 153
    0000001C FF                     426 	.db #0xff	; 255
    0000001D 81                     427 	.db #0x81	; 129
    0000001E 7E                     428 	.db #0x7e	; 126
    0000001F 7E                     429 	.db #0x7e	; 126
                                    430 	.area _CABS (ABS)
